audio_process.c:44:19:newmydspSIG0	8	static
audio_process.c:45:13:deletemydspSIG0	16	static
audio_process.c:47:5:getNumInputsmydspSIG0	16	static
audio_process.c:51:5:getNumOutputsmydspSIG0	16	static
audio_process.c:55:5:getInputRatemydspSIG0	24	static
audio_process.c:67:5:getOutputRatemydspSIG0	24	static
audio_process.c:84:13:instanceInitmydspSIG0	24	static
audio_process.c:97:13:fillmydspSIG0	40	static
audio_process.c:134:8:newmydsp	16	static
audio_process.c:139:6:deletemydsp	16	static
audio_process.c:159:5:getSampleRatemydsp	16	static
audio_process.c:161:5:getNumInputsmydsp	16	static
audio_process.c:165:5:getNumOutputsmydsp	16	static
audio_process.c:169:5:getInputRatemydsp	24	static
audio_process.c:185:5:getOutputRatemydsp	24	static
audio_process.c:206:6:classInitmydsp	24	static
audio_process.c:214:6:instanceResetUserInterfacemydsp	16	static
audio_process.c:220:6:instanceClearmydsp	24	static
audio_process.c:243:6:instanceConstantsmydsp	24	static
audio_process.c:249:6:instanceInitmydsp	16	static
audio_process.c:255:6:initmydsp	16	static
audio_process.c:268:6:computemydsp	88	static
audio_process.c:307:6:process_init	16	static
audio_process.c:323:6:process	32	static
