main.c:96:5:main	8	static
main.c:154:6:SystemClock_Config	104	static
main.c:205:13:MX_ADC1_Init	24	static
main.c:255:13:MX_I2C1_Init	8	static
main.c:289:13:MX_I2S2_Init	8	static
main.c:323:13:MX_TIM2_Init	48	static
main.c:376:13:MX_TIM3_Init	48	static
main.c:437:13:MX_TIM4_Init	48	static
main.c:494:13:MX_USB_OTG_FS_PCD_Init	8	static
main.c:527:13:MX_DMA_Init	16	static
main.c:548:13:MX_GPIO_Init	56	static
main.c:591:6:HAL_I2SEx_TxRxHalfCpltCallback	16	static
main.c:607:6:HAL_I2SEx_TxRxCpltCallback	16	static
main.c:627:6:Error_Handler	4	static
