main.c:98:5:main	8	static
main.c:157:6:SystemClock_Config	104	static
main.c:208:13:MX_ADC1_Init	24	static
main.c:274:13:MX_I2C1_Init	8	static
main.c:308:13:MX_I2S2_Init	8	static
main.c:342:13:MX_TIM2_Init	48	static
main.c:395:13:MX_TIM3_Init	48	static
main.c:456:13:MX_TIM4_Init	48	static
main.c:513:13:MX_USB_OTG_FS_PCD_Init	8	static
main.c:546:13:MX_DMA_Init	16	static
main.c:571:13:MX_GPIO_Init	56	static
main.c:613:6:HAL_ADC_ConvCpltCallback	16	static
main.c:623:6:HAL_I2SEx_TxRxHalfCpltCallback	16	static
main.c:638:6:HAL_I2SEx_TxRxCpltCallback	16	static
main.c:658:6:Error_Handler	4	static
